[platol.netlify.app/tushi/index.html]
[backblue.gif]
[fade.gif]
[index.html]
[platol.netlify.app/tushi/assets/images/favicon.png]
[platol.netlify.app/tushi/plugins/tabler-icons/tabler-icons.min.css]
[platol.netlify.app/tushi/assets/css/style.css]
[platol.netlify.app/tushi/assets/images/logo.png]
[platol.netlify.app/tushi/index-2.html]
[platol.netlify.app/tushi/index-3.html]
[platol.netlify.app/tushi/featured-posts.html]
[platol.netlify.app/tushi/blog.html]
[platol.netlify.app/tushi/archive.html]
[platol.netlify.app/tushi/about.html]
[platol.netlify.app/tushi/contact.html]
[platol.netlify.app/tushi/authors.html]
[platol.netlify.app/tushi/author-single.html]
[platol.netlify.app/tushi/tags.html]
[platol.netlify.app/tushi/tag-single.html]
[platol.netlify.app/tushi/categories.html]
[platol.netlify.app/tushi/category-single.html]
[platol.netlify.app/tushi/elements.html]
[platol.netlify.app/tushi/privacy.html]
[platol.netlify.app/tushi/404.html]
[platol.netlify.app/tushi/assets/images/blog/07.webp]
[platol.netlify.app/tushi/blog-single.html]
[platol.netlify.app/tushi/assets/images/blog/08.webp]
[platol.netlify.app/tushi/assets/images/blog/02.webp]
[platol.netlify.app/tushi/assets/images/blog/06.webp]
[platol.netlify.app/tushi/assets/images/blog/04.webp]
[platol.netlify.app/tushi/assets/images/author/robert-britt.jpg]
[platol.netlify.app/tushi/assets/images/author/alexander-hipp.jpg]
[platol.netlify.app/tushi/assets/images/author/anil-vugels.jpg]
[platol.netlify.app/tushi/assets/images/author/ann-monika.jpg]
[platol.netlify.app/tushi/assets/images/blog/05.webp]
[platol.netlify.app/tushi/assets/images/blog/post-of-the-month.webp]
[platol.netlify.app/tushi/plugins/bootstrap/bootstrap.min.js]
[platol.netlify.app/tushi/plugins/lightense/lightense.min.js]
[platol.netlify.app/tushi/assets/js/script.js]
[platol.netlify.app/tushi/index.html]
[platol.netlify.app/tushi/plugins/tabler-icons/tabler-icons.min.css]
[platol.netlify.app/tushi/assets/css/style.css]
[platol.netlify.app/tushi/index-2.html]
[platol.netlify.app/tushi/index-3.html]
[platol.netlify.app/tushi/assets/images/blog/09.webp]
[platol.netlify.app/tushi/featured-posts.html]
[platol.netlify.app/tushi/blog.html]
[platol.netlify.app/tushi/archive.html]
[platol.netlify.app/tushi/assets/images/about-image.jpg]
[platol.netlify.app/tushi/about.html]
[platol.netlify.app/tushi/contact.html]
[platol.netlify.app/tushi/authors.html]
[platol.netlify.app/tushi/assets/images/blog/01.webp]
[platol.netlify.app/tushi/author-single.html]
[platol.netlify.app/tushi/tags.html]
[platol.netlify.app/tushi/tag-single.html]
[platol.netlify.app/tushi/categories.html]
[platol.netlify.app/tushi/tag-single.htmlart/index.html]
[platol.netlify.app/tushi/assets/images/blog/03.webp]
[platol.netlify.app/tushi/category-single.html]
[platol.netlify.app/tushi/assets/images/gallery/10.jpg]
[platol.netlify.app/tushi/assets/images/gallery/15.jpg]
[platol.netlify.app/tushi/assets/images/gallery/11.jpg]
[platol.netlify.app/tushi/assets/images/gallery/12.jpg]
[platol.netlify.app/tushi/assets/images/gallery/13.jpg]
[platol.netlify.app/tushi/assets/images/gallery/14.jpg]
[platol.netlify.app/tushi/elements.html]
[platform.twitter.com/widgets.js]
[platol.netlify.app/tushi/privacy.html]
[platol.netlify.app/tushi/404.html]
[platol.netlify.app/tushi/assets/images/blog/blog-single.webp]
[platol.netlify.app/tushi/blog-single.html]
[platol.netlify.app/tushi/tag-single.htmlart/index.html]
